[2022-02-02T10:29:38.084+0000][1][gc] Using Concurrent Mark Sweep
[2022-02-02T10:29:38.084+0000][1][gc,heap,coops] Heap address: 0x00000000e0000000, size: 512 MB, Compressed Oops mode: 32-bit
[2022-02-02T10:29:38.107+0000][1][safepoint    ] Entering safepoint region: EnableBiasedLocking
[2022-02-02T10:29:38.107+0000][1][safepoint    ] Leaving safepoint region
[2022-02-02T10:29:38.107+0000][1][safepoint    ] Total time for which application threads were stopped: 0.0000748 seconds, Stopping threads took: 0.0000290 seconds
[2022-02-02T10:29:38.109+0000][1][safepoint    ] Application time: 0.0014505 seconds
[2022-02-02T10:29:38.109+0000][1][safepoint    ] Entering safepoint region: RevokeBias
[2022-02-02T10:29:38.109+0000][1][safepoint    ] Leaving safepoint region
[2022-02-02T10:29:38.109+0000][1][safepoint    ] Total time for which application threads were stopped: 0.0000644 seconds, Stopping threads took: 0.0000378 seconds
[2022-02-02T10:29:38.113+0000][1][safepoint    ] Application time: 0.0044565 seconds
[2022-02-02T10:29:38.113+0000][1][safepoint    ] Entering safepoint region: Deoptimize
[2022-02-02T10:29:38.113+0000][1][safepoint    ] Leaving safepoint region
[2022-02-02T10:29:38.113+0000][1][safepoint    ] Total time for which application threads were stopped: 0.0000324 seconds, Stopping threads took: 0.0000057 seconds
[2022-02-02T10:29:38.165+0000][1][safepoint    ] Application time: 0.0513565 seconds
[2022-02-02T10:29:38.165+0000][1][safepoint    ] Entering safepoint region: RevokeBias
[2022-02-02T10:29:38.165+0000][1][safepoint    ] Leaving safepoint region
[2022-02-02T10:29:38.165+0000][1][safepoint    ] Total time for which application threads were stopped: 0.0000906 seconds, Stopping threads took: 0.0000073 seconds
[2022-02-02T10:29:38.166+0000][1][safepoint    ] Application time: 0.0008712 seconds
[2022-02-02T10:29:38.166+0000][1][safepoint    ] Entering safepoint region: Deoptimize
[2022-02-02T10:29:38.166+0000][1][safepoint    ] Leaving safepoint region
[2022-02-02T10:29:38.166+0000][1][safepoint    ] Total time for which application threads were stopped: 0.0000401 seconds, Stopping threads took: 0.0000053 seconds
[2022-02-02T10:29:38.181+0000][1][safepoint    ] Application time: 0.0152093 seconds
[2022-02-02T10:29:38.181+0000][1][safepoint    ] Entering safepoint region: Deoptimize
[2022-02-02T10:29:38.181+0000][1][safepoint    ] Leaving safepoint region
[2022-02-02T10:29:38.181+0000][1][safepoint    ] Total time for which application threads were stopped: 0.0000603 seconds, Stopping threads took: 0.0000060 seconds
[2022-02-02T10:29:38.418+0000][1][safepoint    ] Application time: 0.2365043 seconds
[2022-02-02T10:29:38.418+0000][1][safepoint    ] Entering safepoint region: Deoptimize
[2022-02-02T10:29:38.418+0000][1][safepoint    ] Leaving safepoint region
[2022-02-02T10:29:38.418+0000][1][safepoint    ] Total time for which application threads were stopped: 0.0001869 seconds, Stopping threads took: 0.0000072 seconds
[2022-02-02T10:29:38.431+0000][1][safepoint    ] Application time: 0.0134028 seconds
[2022-02-02T10:29:38.431+0000][1][safepoint    ] Entering safepoint region: Deoptimize
[2022-02-02T10:29:38.431+0000][1][safepoint    ] Leaving safepoint region
[2022-02-02T10:29:38.431+0000][1][safepoint    ] Total time for which application threads were stopped: 0.0001218 seconds, Stopping threads took: 0.0000061 seconds
[2022-02-02T10:29:38.490+0000][1][safepoint    ] Application time: 0.0587278 seconds
[2022-02-02T10:29:38.490+0000][1][safepoint    ] Entering safepoint region: RevokeBias
[2022-02-02T10:29:38.490+0000][1][safepoint    ] Leaving safepoint region
[2022-02-02T10:29:38.490+0000][1][safepoint    ] Total time for which application threads were stopped: 0.0000705 seconds, Stopping threads took: 0.0000067 seconds
[2022-02-02T10:29:38.520+0000][1][gc,heap,exit ] Heap
[2022-02-02T10:29:38.520+0000][1][gc,heap,exit ]  par new generation   total 157248K, used 53846K [0x00000000e0000000, 0x00000000eaaa0000, 0x00000000eaaa0000)
[2022-02-02T10:29:38.520+0000][1][gc,heap,exit ]   eden space 139776K,  38% used [0x00000000e0000000, 0x00000000e34959d8, 0x00000000e8880000)
[2022-02-02T10:29:38.520+0000][1][gc,heap,exit ]   from space 17472K,   0% used [0x00000000e8880000, 0x00000000e8880000, 0x00000000e9990000)
[2022-02-02T10:29:38.520+0000][1][gc,heap,exit ]   to   space 17472K,   0% used [0x00000000e9990000, 0x00000000e9990000, 0x00000000eaaa0000)
[2022-02-02T10:29:38.520+0000][1][gc,heap,exit ]  concurrent mark-sweep generation total 349568K, used 0K [0x00000000eaaa0000, 0x0000000100000000, 0x0000000100000000)
[2022-02-02T10:29:38.520+0000][1][gc,heap,exit ]  Metaspace       used 9219K, capacity 10656K, committed 11008K, reserved 1058816K
[2022-02-02T10:29:38.520+0000][1][gc,heap,exit ]   class space    used 1215K, capacity 1489K, committed 1536K, reserved 1048576K
[2022-02-02T10:29:38.520+0000][1][safepoint    ] Application time: 0.0295197 seconds
[2022-02-02T10:29:38.520+0000][1][safepoint    ] Entering safepoint region: Halt
