[2022-02-02T10:29:20.641+0000][1][gc] Using Concurrent Mark Sweep
[2022-02-02T10:29:20.641+0000][1][gc,heap,coops] Heap address: 0x00000000e0000000, size: 512 MB, Compressed Oops mode: 32-bit
[2022-02-02T10:29:20.667+0000][1][safepoint    ] Entering safepoint region: EnableBiasedLocking
[2022-02-02T10:29:20.667+0000][1][safepoint    ] Leaving safepoint region
[2022-02-02T10:29:20.667+0000][1][safepoint    ] Total time for which application threads were stopped: 0.0000822 seconds, Stopping threads took: 0.0000299 seconds
[2022-02-02T10:29:20.669+0000][1][safepoint    ] Application time: 0.0019716 seconds
[2022-02-02T10:29:20.669+0000][1][safepoint    ] Entering safepoint region: RevokeBias
[2022-02-02T10:29:20.669+0000][1][safepoint    ] Leaving safepoint region
[2022-02-02T10:29:20.669+0000][1][safepoint    ] Total time for which application threads were stopped: 0.0000768 seconds, Stopping threads took: 0.0000464 seconds
[2022-02-02T10:29:20.676+0000][1][safepoint    ] Application time: 0.0061769 seconds
[2022-02-02T10:29:20.676+0000][1][safepoint    ] Entering safepoint region: Deoptimize
[2022-02-02T10:29:20.676+0000][1][safepoint    ] Leaving safepoint region
[2022-02-02T10:29:20.676+0000][1][safepoint    ] Total time for which application threads were stopped: 0.0000514 seconds, Stopping threads took: 0.0000078 seconds
[2022-02-02T10:29:20.741+0000][1][safepoint    ] Application time: 0.0649927 seconds
[2022-02-02T10:29:20.741+0000][1][safepoint    ] Entering safepoint region: RevokeBias
[2022-02-02T10:29:20.741+0000][1][safepoint    ] Leaving safepoint region
[2022-02-02T10:29:20.741+0000][1][safepoint    ] Total time for which application threads were stopped: 0.0001179 seconds, Stopping threads took: 0.0000657 seconds
[2022-02-02T10:29:20.742+0000][1][safepoint    ] Application time: 0.0008223 seconds
[2022-02-02T10:29:20.742+0000][1][safepoint    ] Entering safepoint region: Deoptimize
[2022-02-02T10:29:20.742+0000][1][safepoint    ] Leaving safepoint region
[2022-02-02T10:29:20.742+0000][1][safepoint    ] Total time for which application threads were stopped: 0.0000538 seconds, Stopping threads took: 0.0000049 seconds
[2022-02-02T10:29:20.761+0000][1][safepoint    ] Application time: 0.0191564 seconds
[2022-02-02T10:29:20.761+0000][1][safepoint    ] Entering safepoint region: Deoptimize
[2022-02-02T10:29:20.761+0000][1][safepoint    ] Leaving safepoint region
[2022-02-02T10:29:20.761+0000][1][safepoint    ] Total time for which application threads were stopped: 0.0000673 seconds, Stopping threads took: 0.0000059 seconds
[2022-02-02T10:29:21.045+0000][1][safepoint    ] Application time: 0.2841910 seconds
[2022-02-02T10:29:21.045+0000][1][safepoint    ] Entering safepoint region: Deoptimize
[2022-02-02T10:29:21.045+0000][1][safepoint    ] Leaving safepoint region
[2022-02-02T10:29:21.045+0000][1][safepoint    ] Total time for which application threads were stopped: 0.0001790 seconds, Stopping threads took: 0.0000069 seconds
[2022-02-02T10:29:21.061+0000][1][safepoint    ] Application time: 0.0153900 seconds
[2022-02-02T10:29:21.061+0000][1][safepoint    ] Entering safepoint region: Deoptimize
[2022-02-02T10:29:21.061+0000][1][safepoint    ] Leaving safepoint region
[2022-02-02T10:29:21.061+0000][1][safepoint    ] Total time for which application threads were stopped: 0.0001602 seconds, Stopping threads took: 0.0000087 seconds
[2022-02-02T10:29:21.140+0000][1][safepoint    ] Application time: 0.0792738 seconds
[2022-02-02T10:29:21.140+0000][1][safepoint    ] Entering safepoint region: RevokeBias
[2022-02-02T10:29:21.140+0000][1][safepoint    ] Leaving safepoint region
[2022-02-02T10:29:21.140+0000][1][safepoint    ] Total time for which application threads were stopped: 0.0001183 seconds, Stopping threads took: 0.0000103 seconds
[2022-02-02T10:29:21.182+0000][1][gc,heap,exit ] Heap
[2022-02-02T10:29:21.182+0000][1][gc,heap,exit ]  par new generation   total 157248K, used 53830K [0x00000000e0000000, 0x00000000eaaa0000, 0x00000000eaaa0000)
[2022-02-02T10:29:21.182+0000][1][gc,heap,exit ]   eden space 139776K,  38% used [0x00000000e0000000, 0x00000000e3491988, 0x00000000e8880000)
[2022-02-02T10:29:21.182+0000][1][gc,heap,exit ]   from space 17472K,   0% used [0x00000000e8880000, 0x00000000e8880000, 0x00000000e9990000)
[2022-02-02T10:29:21.182+0000][1][gc,heap,exit ]   to   space 17472K,   0% used [0x00000000e9990000, 0x00000000e9990000, 0x00000000eaaa0000)
[2022-02-02T10:29:21.182+0000][1][gc,heap,exit ]  concurrent mark-sweep generation total 349568K, used 0K [0x00000000eaaa0000, 0x0000000100000000, 0x0000000100000000)
[2022-02-02T10:29:21.182+0000][1][gc,heap,exit ]  Metaspace       used 9218K, capacity 10656K, committed 10752K, reserved 1058816K
[2022-02-02T10:29:21.182+0000][1][gc,heap,exit ]   class space    used 1215K, capacity 1489K, committed 1536K, reserved 1048576K
[2022-02-02T10:29:21.182+0000][1][safepoint    ] Application time: 0.0411585 seconds
[2022-02-02T10:29:21.182+0000][1][safepoint    ] Entering safepoint region: Halt
