[2022-02-02T10:31:27.587+0000][1][gc] Using Concurrent Mark Sweep
[2022-02-02T10:31:27.587+0000][1][gc,heap,coops] Heap address: 0x00000000e0000000, size: 512 MB, Compressed Oops mode: 32-bit
[2022-02-02T10:31:27.611+0000][1][safepoint    ] Entering safepoint region: EnableBiasedLocking
[2022-02-02T10:31:27.611+0000][1][safepoint    ] Leaving safepoint region
[2022-02-02T10:31:27.611+0000][1][safepoint    ] Total time for which application threads were stopped: 0.0001166 seconds, Stopping threads took: 0.0000757 seconds
[2022-02-02T10:31:27.612+0000][1][safepoint    ] Application time: 0.0014961 seconds
[2022-02-02T10:31:27.612+0000][1][safepoint    ] Entering safepoint region: RevokeBias
[2022-02-02T10:31:27.612+0000][1][safepoint    ] Leaving safepoint region
[2022-02-02T10:31:27.612+0000][1][safepoint    ] Total time for which application threads were stopped: 0.0000956 seconds, Stopping threads took: 0.0000611 seconds
[2022-02-02T10:31:27.617+0000][1][safepoint    ] Application time: 0.0044032 seconds
[2022-02-02T10:31:27.617+0000][1][safepoint    ] Entering safepoint region: Deoptimize
[2022-02-02T10:31:27.617+0000][1][safepoint    ] Leaving safepoint region
[2022-02-02T10:31:27.617+0000][1][safepoint    ] Total time for which application threads were stopped: 0.0000355 seconds, Stopping threads took: 0.0000056 seconds
[2022-02-02T10:31:27.667+0000][1][safepoint    ] Application time: 0.0498249 seconds
[2022-02-02T10:31:27.667+0000][1][safepoint    ] Entering safepoint region: RevokeBias
[2022-02-02T10:31:27.667+0000][1][safepoint    ] Leaving safepoint region
[2022-02-02T10:31:27.667+0000][1][safepoint    ] Total time for which application threads were stopped: 0.0001016 seconds, Stopping threads took: 0.0000505 seconds
[2022-02-02T10:31:27.668+0000][1][safepoint    ] Application time: 0.0007823 seconds
[2022-02-02T10:31:27.668+0000][1][safepoint    ] Entering safepoint region: Deoptimize
[2022-02-02T10:31:27.668+0000][1][safepoint    ] Leaving safepoint region
[2022-02-02T10:31:27.668+0000][1][safepoint    ] Total time for which application threads were stopped: 0.0000458 seconds, Stopping threads took: 0.0000050 seconds
[2022-02-02T10:31:27.682+0000][1][safepoint    ] Application time: 0.0143223 seconds
[2022-02-02T10:31:27.682+0000][1][safepoint    ] Entering safepoint region: Deoptimize
[2022-02-02T10:31:27.682+0000][1][safepoint    ] Leaving safepoint region
[2022-02-02T10:31:27.682+0000][1][safepoint    ] Total time for which application threads were stopped: 0.0000693 seconds, Stopping threads took: 0.0000059 seconds
[2022-02-02T10:31:27.964+0000][1][safepoint    ] Application time: 0.2823378 seconds
[2022-02-02T10:31:27.964+0000][1][safepoint    ] Entering safepoint region: Deoptimize
[2022-02-02T10:31:27.965+0000][1][safepoint    ] Leaving safepoint region
[2022-02-02T10:31:27.965+0000][1][safepoint    ] Total time for which application threads were stopped: 0.0001785 seconds, Stopping threads took: 0.0000061 seconds
[2022-02-02T10:31:27.979+0000][1][safepoint    ] Application time: 0.0140255 seconds
[2022-02-02T10:31:27.979+0000][1][safepoint    ] Entering safepoint region: Deoptimize
[2022-02-02T10:31:27.979+0000][1][safepoint    ] Leaving safepoint region
[2022-02-02T10:31:27.979+0000][1][safepoint    ] Total time for which application threads were stopped: 0.0001410 seconds, Stopping threads took: 0.0000068 seconds
[2022-02-02T10:31:28.034+0000][1][safepoint    ] Application time: 0.0551866 seconds
[2022-02-02T10:31:28.034+0000][1][safepoint    ] Entering safepoint region: RevokeBias
[2022-02-02T10:31:28.034+0000][1][safepoint    ] Leaving safepoint region
[2022-02-02T10:31:28.034+0000][1][safepoint    ] Total time for which application threads were stopped: 0.0001020 seconds, Stopping threads took: 0.0000297 seconds
[2022-02-02T10:31:28.061+0000][1][gc,heap,exit ] Heap
[2022-02-02T10:31:28.061+0000][1][gc,heap,exit ]  par new generation   total 157248K, used 53875K [0x00000000e0000000, 0x00000000eaaa0000, 0x00000000eaaa0000)
[2022-02-02T10:31:28.061+0000][1][gc,heap,exit ]   eden space 139776K,  38% used [0x00000000e0000000, 0x00000000e349cc30, 0x00000000e8880000)
[2022-02-02T10:31:28.061+0000][1][gc,heap,exit ]   from space 17472K,   0% used [0x00000000e8880000, 0x00000000e8880000, 0x00000000e9990000)
[2022-02-02T10:31:28.061+0000][1][gc,heap,exit ]   to   space 17472K,   0% used [0x00000000e9990000, 0x00000000e9990000, 0x00000000eaaa0000)
[2022-02-02T10:31:28.061+0000][1][gc,heap,exit ]  concurrent mark-sweep generation total 349568K, used 0K [0x00000000eaaa0000, 0x0000000100000000, 0x0000000100000000)
[2022-02-02T10:31:28.061+0000][1][gc,heap,exit ]  Metaspace       used 9220K, capacity 10656K, committed 11008K, reserved 1058816K
[2022-02-02T10:31:28.061+0000][1][gc,heap,exit ]   class space    used 1215K, capacity 1489K, committed 1536K, reserved 1048576K
[2022-02-02T10:31:28.061+0000][1][safepoint    ] Application time: 0.0266383 seconds
[2022-02-02T10:31:28.061+0000][1][safepoint    ] Entering safepoint region: Halt
