[2022-02-02T10:29:33.952+0000][1][gc] Using Concurrent Mark Sweep
[2022-02-02T10:29:33.952+0000][1][gc,heap,coops] Heap address: 0x00000000e0000000, size: 512 MB, Compressed Oops mode: 32-bit
[2022-02-02T10:29:33.977+0000][1][safepoint    ] Entering safepoint region: EnableBiasedLocking
[2022-02-02T10:29:33.977+0000][1][safepoint    ] Leaving safepoint region
[2022-02-02T10:29:33.977+0000][1][safepoint    ] Total time for which application threads were stopped: 0.0000897 seconds, Stopping threads took: 0.0000433 seconds
[2022-02-02T10:29:33.978+0000][1][safepoint    ] Application time: 0.0014924 seconds
[2022-02-02T10:29:33.978+0000][1][safepoint    ] Entering safepoint region: RevokeBias
[2022-02-02T10:29:33.978+0000][1][safepoint    ] Leaving safepoint region
[2022-02-02T10:29:33.978+0000][1][safepoint    ] Total time for which application threads were stopped: 0.0000366 seconds, Stopping threads took: 0.0000135 seconds
[2022-02-02T10:29:33.983+0000][1][safepoint    ] Application time: 0.0045075 seconds
[2022-02-02T10:29:33.983+0000][1][safepoint    ] Entering safepoint region: Deoptimize
[2022-02-02T10:29:33.983+0000][1][safepoint    ] Leaving safepoint region
[2022-02-02T10:29:33.983+0000][1][safepoint    ] Total time for which application threads were stopped: 0.0000387 seconds, Stopping threads took: 0.0000065 seconds
[2022-02-02T10:29:34.037+0000][1][safepoint    ] Application time: 0.0542742 seconds
[2022-02-02T10:29:34.037+0000][1][safepoint    ] Entering safepoint region: RevokeBias
[2022-02-02T10:29:34.037+0000][1][safepoint    ] Leaving safepoint region
[2022-02-02T10:29:34.037+0000][1][safepoint    ] Total time for which application threads were stopped: 0.0001033 seconds, Stopping threads took: 0.0000477 seconds
[2022-02-02T10:29:34.038+0000][1][safepoint    ] Application time: 0.0008701 seconds
[2022-02-02T10:29:34.038+0000][1][safepoint    ] Entering safepoint region: Deoptimize
[2022-02-02T10:29:34.038+0000][1][safepoint    ] Leaving safepoint region
[2022-02-02T10:29:34.038+0000][1][safepoint    ] Total time for which application threads were stopped: 0.0000471 seconds, Stopping threads took: 0.0000056 seconds
[2022-02-02T10:29:34.056+0000][1][safepoint    ] Application time: 0.0173796 seconds
[2022-02-02T10:29:34.056+0000][1][safepoint    ] Entering safepoint region: Deoptimize
[2022-02-02T10:29:34.056+0000][1][safepoint    ] Leaving safepoint region
[2022-02-02T10:29:34.056+0000][1][safepoint    ] Total time for which application threads were stopped: 0.0000677 seconds, Stopping threads took: 0.0000074 seconds
[2022-02-02T10:29:34.310+0000][1][safepoint    ] Application time: 0.2543992 seconds
[2022-02-02T10:29:34.310+0000][1][safepoint    ] Entering safepoint region: Deoptimize
[2022-02-02T10:29:34.310+0000][1][safepoint    ] Leaving safepoint region
[2022-02-02T10:29:34.310+0000][1][safepoint    ] Total time for which application threads were stopped: 0.0002267 seconds, Stopping threads took: 0.0000075 seconds
[2022-02-02T10:29:34.324+0000][1][safepoint    ] Application time: 0.0134143 seconds
[2022-02-02T10:29:34.324+0000][1][safepoint    ] Entering safepoint region: Deoptimize
[2022-02-02T10:29:34.324+0000][1][safepoint    ] Leaving safepoint region
[2022-02-02T10:29:34.324+0000][1][safepoint    ] Total time for which application threads were stopped: 0.0001337 seconds, Stopping threads took: 0.0000070 seconds
[2022-02-02T10:29:34.382+0000][1][safepoint    ] Application time: 0.0577732 seconds
[2022-02-02T10:29:34.382+0000][1][safepoint    ] Entering safepoint region: RevokeBias
[2022-02-02T10:29:34.382+0000][1][safepoint    ] Leaving safepoint region
[2022-02-02T10:29:34.382+0000][1][safepoint    ] Total time for which application threads were stopped: 0.0000647 seconds, Stopping threads took: 0.0000062 seconds
[2022-02-02T10:29:34.416+0000][1][gc,heap,exit ] Heap
[2022-02-02T10:29:34.416+0000][1][gc,heap,exit ]  par new generation   total 157248K, used 53855K [0x00000000e0000000, 0x00000000eaaa0000, 0x00000000eaaa0000)
[2022-02-02T10:29:34.416+0000][1][gc,heap,exit ]   eden space 139776K,  38% used [0x00000000e0000000, 0x00000000e3497f88, 0x00000000e8880000)
[2022-02-02T10:29:34.416+0000][1][gc,heap,exit ]   from space 17472K,   0% used [0x00000000e8880000, 0x00000000e8880000, 0x00000000e9990000)
[2022-02-02T10:29:34.416+0000][1][gc,heap,exit ]   to   space 17472K,   0% used [0x00000000e9990000, 0x00000000e9990000, 0x00000000eaaa0000)
[2022-02-02T10:29:34.416+0000][1][gc,heap,exit ]  concurrent mark-sweep generation total 349568K, used 0K [0x00000000eaaa0000, 0x0000000100000000, 0x0000000100000000)
[2022-02-02T10:29:34.416+0000][1][gc,heap,exit ]  Metaspace       used 9207K, capacity 10656K, committed 11008K, reserved 1058816K
[2022-02-02T10:29:34.416+0000][1][gc,heap,exit ]   class space    used 1215K, capacity 1489K, committed 1536K, reserved 1048576K
[2022-02-02T10:29:34.416+0000][1][safepoint    ] Application time: 0.0342141 seconds
[2022-02-02T10:29:34.416+0000][1][safepoint    ] Entering safepoint region: Halt
