[2022-02-02T10:29:51.944+0000][1][gc] Using Concurrent Mark Sweep
[2022-02-02T10:29:51.944+0000][1][gc,heap,coops] Heap address: 0x00000000e0000000, size: 512 MB, Compressed Oops mode: 32-bit
[2022-02-02T10:29:51.972+0000][1][safepoint    ] Entering safepoint region: EnableBiasedLocking
[2022-02-02T10:29:51.973+0000][1][safepoint    ] Leaving safepoint region
[2022-02-02T10:29:51.973+0000][1][safepoint    ] Total time for which application threads were stopped: 0.0000915 seconds, Stopping threads took: 0.0000417 seconds
[2022-02-02T10:29:51.975+0000][1][safepoint    ] Application time: 0.0018969 seconds
[2022-02-02T10:29:51.975+0000][1][safepoint    ] Entering safepoint region: RevokeBias
[2022-02-02T10:29:51.975+0000][1][safepoint    ] Leaving safepoint region
[2022-02-02T10:29:51.975+0000][1][safepoint    ] Total time for which application threads were stopped: 0.0000737 seconds, Stopping threads took: 0.0000320 seconds
[2022-02-02T10:29:51.980+0000][1][safepoint    ] Application time: 0.0057475 seconds
[2022-02-02T10:29:51.981+0000][1][safepoint    ] Entering safepoint region: Deoptimize
[2022-02-02T10:29:51.981+0000][1][safepoint    ] Leaving safepoint region
[2022-02-02T10:29:51.981+0000][1][safepoint    ] Total time for which application threads were stopped: 0.0000937 seconds, Stopping threads took: 0.0000455 seconds
[2022-02-02T10:29:52.047+0000][1][safepoint    ] Application time: 0.0659454 seconds
[2022-02-02T10:29:52.047+0000][1][safepoint    ] Entering safepoint region: RevokeBias
[2022-02-02T10:29:52.047+0000][1][safepoint    ] Leaving safepoint region
[2022-02-02T10:29:52.047+0000][1][safepoint    ] Total time for which application threads were stopped: 0.0001019 seconds, Stopping threads took: 0.0000480 seconds
[2022-02-02T10:29:52.048+0000][1][safepoint    ] Application time: 0.0009119 seconds
[2022-02-02T10:29:52.048+0000][1][safepoint    ] Entering safepoint region: Deoptimize
[2022-02-02T10:29:52.048+0000][1][safepoint    ] Leaving safepoint region
[2022-02-02T10:29:52.048+0000][1][safepoint    ] Total time for which application threads were stopped: 0.0000462 seconds, Stopping threads took: 0.0000041 seconds
[2022-02-02T10:29:52.069+0000][1][safepoint    ] Application time: 0.0217004 seconds
[2022-02-02T10:29:52.069+0000][1][safepoint    ] Entering safepoint region: Deoptimize
[2022-02-02T10:29:52.069+0000][1][safepoint    ] Leaving safepoint region
[2022-02-02T10:29:52.069+0000][1][safepoint    ] Total time for which application threads were stopped: 0.0000588 seconds, Stopping threads took: 0.0000057 seconds
[2022-02-02T10:29:52.329+0000][1][safepoint    ] Application time: 0.2598914 seconds
[2022-02-02T10:29:52.329+0000][1][safepoint    ] Entering safepoint region: Deoptimize
[2022-02-02T10:29:52.330+0000][1][safepoint    ] Leaving safepoint region
[2022-02-02T10:29:52.330+0000][1][safepoint    ] Total time for which application threads were stopped: 0.0001910 seconds, Stopping threads took: 0.0000068 seconds
[2022-02-02T10:29:52.342+0000][1][safepoint    ] Application time: 0.0127096 seconds
[2022-02-02T10:29:52.342+0000][1][safepoint    ] Entering safepoint region: Deoptimize
[2022-02-02T10:29:52.342+0000][1][safepoint    ] Leaving safepoint region
[2022-02-02T10:29:52.342+0000][1][safepoint    ] Total time for which application threads were stopped: 0.0001598 seconds, Stopping threads took: 0.0000066 seconds
[2022-02-02T10:29:52.401+0000][1][safepoint    ] Application time: 0.0586703 seconds
[2022-02-02T10:29:52.401+0000][1][safepoint    ] Entering safepoint region: RevokeBias
[2022-02-02T10:29:52.401+0000][1][safepoint    ] Leaving safepoint region
[2022-02-02T10:29:52.401+0000][1][safepoint    ] Total time for which application threads were stopped: 0.0000773 seconds, Stopping threads took: 0.0000070 seconds
[2022-02-02T10:29:52.430+0000][1][gc,heap,exit ] Heap
[2022-02-02T10:29:52.430+0000][1][gc,heap,exit ]  par new generation   total 157248K, used 53855K [0x00000000e0000000, 0x00000000eaaa0000, 0x00000000eaaa0000)
[2022-02-02T10:29:52.430+0000][1][gc,heap,exit ]   eden space 139776K,  38% used [0x00000000e0000000, 0x00000000e3497f18, 0x00000000e8880000)
[2022-02-02T10:29:52.430+0000][1][gc,heap,exit ]   from space 17472K,   0% used [0x00000000e8880000, 0x00000000e8880000, 0x00000000e9990000)
[2022-02-02T10:29:52.430+0000][1][gc,heap,exit ]   to   space 17472K,   0% used [0x00000000e9990000, 0x00000000e9990000, 0x00000000eaaa0000)
[2022-02-02T10:29:52.430+0000][1][gc,heap,exit ]  concurrent mark-sweep generation total 349568K, used 0K [0x00000000eaaa0000, 0x0000000100000000, 0x0000000100000000)
[2022-02-02T10:29:52.430+0000][1][gc,heap,exit ]  Metaspace       used 9209K, capacity 10656K, committed 11008K, reserved 1058816K
[2022-02-02T10:29:52.430+0000][1][gc,heap,exit ]   class space    used 1215K, capacity 1489K, committed 1536K, reserved 1048576K
[2022-02-02T10:29:52.430+0000][1][safepoint    ] Application time: 0.0290323 seconds
[2022-02-02T10:29:52.430+0000][1][safepoint    ] Entering safepoint region: Halt
