[2022-02-02T10:29:26.540+0000][1][gc] Using Concurrent Mark Sweep
[2022-02-02T10:29:26.540+0000][1][gc,heap,coops] Heap address: 0x00000000e0000000, size: 512 MB, Compressed Oops mode: 32-bit
[2022-02-02T10:29:26.569+0000][1][safepoint    ] Entering safepoint region: EnableBiasedLocking
[2022-02-02T10:29:26.569+0000][1][safepoint    ] Leaving safepoint region
[2022-02-02T10:29:26.569+0000][1][safepoint    ] Total time for which application threads were stopped: 0.0000832 seconds, Stopping threads took: 0.0000316 seconds
[2022-02-02T10:29:26.571+0000][1][safepoint    ] Application time: 0.0018470 seconds
[2022-02-02T10:29:26.571+0000][1][safepoint    ] Entering safepoint region: RevokeBias
[2022-02-02T10:29:26.571+0000][1][safepoint    ] Leaving safepoint region
[2022-02-02T10:29:26.571+0000][1][safepoint    ] Total time for which application threads were stopped: 0.0000415 seconds, Stopping threads took: 0.0000078 seconds
[2022-02-02T10:29:26.577+0000][1][safepoint    ] Application time: 0.0055034 seconds
[2022-02-02T10:29:26.577+0000][1][safepoint    ] Entering safepoint region: Deoptimize
[2022-02-02T10:29:26.577+0000][1][safepoint    ] Leaving safepoint region
[2022-02-02T10:29:26.577+0000][1][safepoint    ] Total time for which application threads were stopped: 0.0000426 seconds, Stopping threads took: 0.0000057 seconds
[2022-02-02T10:29:26.634+0000][1][safepoint    ] Application time: 0.0567687 seconds
[2022-02-02T10:29:26.634+0000][1][safepoint    ] Entering safepoint region: RevokeBias
[2022-02-02T10:29:26.634+0000][1][safepoint    ] Leaving safepoint region
[2022-02-02T10:29:26.634+0000][1][safepoint    ] Total time for which application threads were stopped: 0.0000942 seconds, Stopping threads took: 0.0000363 seconds
[2022-02-02T10:29:26.635+0000][1][safepoint    ] Application time: 0.0013140 seconds
[2022-02-02T10:29:26.635+0000][1][safepoint    ] Entering safepoint region: Deoptimize
[2022-02-02T10:29:26.635+0000][1][safepoint    ] Leaving safepoint region
[2022-02-02T10:29:26.635+0000][1][safepoint    ] Total time for which application threads were stopped: 0.0000611 seconds, Stopping threads took: 0.0000082 seconds
[2022-02-02T10:29:26.656+0000][1][safepoint    ] Application time: 0.0206116 seconds
[2022-02-02T10:29:26.656+0000][1][safepoint    ] Entering safepoint region: Deoptimize
[2022-02-02T10:29:26.656+0000][1][safepoint    ] Leaving safepoint region
[2022-02-02T10:29:26.656+0000][1][safepoint    ] Total time for which application threads were stopped: 0.0000636 seconds, Stopping threads took: 0.0000065 seconds
[2022-02-02T10:29:26.980+0000][1][safepoint    ] Application time: 0.3243447 seconds
[2022-02-02T10:29:26.980+0000][1][safepoint    ] Entering safepoint region: Deoptimize
[2022-02-02T10:29:26.981+0000][1][safepoint    ] Leaving safepoint region
[2022-02-02T10:29:26.981+0000][1][safepoint    ] Total time for which application threads were stopped: 0.0002141 seconds, Stopping threads took: 0.0000076 seconds
[2022-02-02T10:29:26.997+0000][1][safepoint    ] Application time: 0.0167056 seconds
[2022-02-02T10:29:26.997+0000][1][safepoint    ] Entering safepoint region: Deoptimize
[2022-02-02T10:29:26.998+0000][1][safepoint    ] Leaving safepoint region
[2022-02-02T10:29:26.998+0000][1][safepoint    ] Total time for which application threads were stopped: 0.0001552 seconds, Stopping threads took: 0.0000075 seconds
[2022-02-02T10:29:27.064+0000][1][safepoint    ] Application time: 0.0662482 seconds
[2022-02-02T10:29:27.064+0000][1][safepoint    ] Entering safepoint region: RevokeBias
[2022-02-02T10:29:27.064+0000][1][safepoint    ] Leaving safepoint region
[2022-02-02T10:29:27.064+0000][1][safepoint    ] Total time for which application threads were stopped: 0.0000827 seconds, Stopping threads took: 0.0000076 seconds
[2022-02-02T10:29:27.093+0000][1][gc,heap,exit ] Heap
[2022-02-02T10:29:27.093+0000][1][gc,heap,exit ]  par new generation   total 157248K, used 51037K [0x00000000e0000000, 0x00000000eaaa0000, 0x00000000eaaa0000)
[2022-02-02T10:29:27.093+0000][1][gc,heap,exit ]   eden space 139776K,  36% used [0x00000000e0000000, 0x00000000e31d7620, 0x00000000e8880000)
[2022-02-02T10:29:27.093+0000][1][gc,heap,exit ]   from space 17472K,   0% used [0x00000000e8880000, 0x00000000e8880000, 0x00000000e9990000)
[2022-02-02T10:29:27.093+0000][1][gc,heap,exit ]   to   space 17472K,   0% used [0x00000000e9990000, 0x00000000e9990000, 0x00000000eaaa0000)
[2022-02-02T10:29:27.093+0000][1][gc,heap,exit ]  concurrent mark-sweep generation total 349568K, used 0K [0x00000000eaaa0000, 0x0000000100000000, 0x0000000100000000)
[2022-02-02T10:29:27.093+0000][1][gc,heap,exit ]  Metaspace       used 9202K, capacity 10656K, committed 11008K, reserved 1058816K
[2022-02-02T10:29:27.093+0000][1][gc,heap,exit ]   class space    used 1215K, capacity 1489K, committed 1536K, reserved 1048576K
[2022-02-02T10:29:27.093+0000][1][safepoint    ] Application time: 0.0295535 seconds
[2022-02-02T10:29:27.093+0000][1][safepoint    ] Entering safepoint region: Halt
