[2022-02-02T10:30:34.395+0000][1][gc] Using Concurrent Mark Sweep
[2022-02-02T10:30:34.395+0000][1][gc,heap,coops] Heap address: 0x00000000e0000000, size: 512 MB, Compressed Oops mode: 32-bit
[2022-02-02T10:30:34.423+0000][1][safepoint    ] Entering safepoint region: EnableBiasedLocking
[2022-02-02T10:30:34.423+0000][1][safepoint    ] Leaving safepoint region
[2022-02-02T10:30:34.423+0000][1][safepoint    ] Total time for which application threads were stopped: 0.0001141 seconds, Stopping threads took: 0.0000611 seconds
[2022-02-02T10:30:34.425+0000][1][safepoint    ] Application time: 0.0020059 seconds
[2022-02-02T10:30:34.425+0000][1][safepoint    ] Entering safepoint region: RevokeBias
[2022-02-02T10:30:34.425+0000][1][safepoint    ] Leaving safepoint region
[2022-02-02T10:30:34.425+0000][1][safepoint    ] Total time for which application threads were stopped: 0.0000342 seconds, Stopping threads took: 0.0000071 seconds
[2022-02-02T10:30:34.431+0000][1][safepoint    ] Application time: 0.0051699 seconds
[2022-02-02T10:30:34.431+0000][1][safepoint    ] Entering safepoint region: Deoptimize
[2022-02-02T10:30:34.431+0000][1][safepoint    ] Leaving safepoint region
[2022-02-02T10:30:34.431+0000][1][safepoint    ] Total time for which application threads were stopped: 0.0000393 seconds, Stopping threads took: 0.0000056 seconds
[2022-02-02T10:30:34.492+0000][1][safepoint    ] Application time: 0.0614173 seconds
[2022-02-02T10:30:34.492+0000][1][safepoint    ] Entering safepoint region: RevokeBias
[2022-02-02T10:30:34.492+0000][1][safepoint    ] Leaving safepoint region
[2022-02-02T10:30:34.492+0000][1][safepoint    ] Total time for which application threads were stopped: 0.0000716 seconds, Stopping threads took: 0.0000104 seconds
[2022-02-02T10:30:34.493+0000][1][safepoint    ] Application time: 0.0009920 seconds
[2022-02-02T10:30:34.493+0000][1][safepoint    ] Entering safepoint region: Deoptimize
[2022-02-02T10:30:34.493+0000][1][safepoint    ] Leaving safepoint region
[2022-02-02T10:30:34.493+0000][1][safepoint    ] Total time for which application threads were stopped: 0.0000456 seconds, Stopping threads took: 0.0000044 seconds
[2022-02-02T10:30:34.513+0000][1][safepoint    ] Application time: 0.0198320 seconds
[2022-02-02T10:30:34.513+0000][1][safepoint    ] Entering safepoint region: Deoptimize
[2022-02-02T10:30:34.513+0000][1][safepoint    ] Leaving safepoint region
[2022-02-02T10:30:34.513+0000][1][safepoint    ] Total time for which application threads were stopped: 0.0000745 seconds, Stopping threads took: 0.0000093 seconds
[2022-02-02T10:30:34.766+0000][1][safepoint    ] Application time: 0.2528352 seconds
[2022-02-02T10:30:34.766+0000][1][safepoint    ] Entering safepoint region: Deoptimize
[2022-02-02T10:30:34.766+0000][1][safepoint    ] Leaving safepoint region
[2022-02-02T10:30:34.766+0000][1][safepoint    ] Total time for which application threads were stopped: 0.0001865 seconds, Stopping threads took: 0.0000068 seconds
[2022-02-02T10:30:34.779+0000][1][safepoint    ] Application time: 0.0129469 seconds
[2022-02-02T10:30:34.779+0000][1][safepoint    ] Entering safepoint region: Deoptimize
[2022-02-02T10:30:34.779+0000][1][safepoint    ] Leaving safepoint region
[2022-02-02T10:30:34.779+0000][1][safepoint    ] Total time for which application threads were stopped: 0.0001198 seconds, Stopping threads took: 0.0000061 seconds
[2022-02-02T10:30:34.834+0000][1][safepoint    ] Application time: 0.0546386 seconds
[2022-02-02T10:30:34.834+0000][1][safepoint    ] Entering safepoint region: RevokeBias
[2022-02-02T10:30:34.834+0000][1][safepoint    ] Leaving safepoint region
[2022-02-02T10:30:34.834+0000][1][safepoint    ] Total time for which application threads were stopped: 0.0000691 seconds, Stopping threads took: 0.0000072 seconds
[2022-02-02T10:30:34.861+0000][1][gc,heap,exit ] Heap
[2022-02-02T10:30:34.861+0000][1][gc,heap,exit ]  par new generation   total 157248K, used 53832K [0x00000000e0000000, 0x00000000eaaa0000, 0x00000000eaaa0000)
[2022-02-02T10:30:34.861+0000][1][gc,heap,exit ]   eden space 139776K,  38% used [0x00000000e0000000, 0x00000000e3492238, 0x00000000e8880000)
[2022-02-02T10:30:34.861+0000][1][gc,heap,exit ]   from space 17472K,   0% used [0x00000000e8880000, 0x00000000e8880000, 0x00000000e9990000)
[2022-02-02T10:30:34.861+0000][1][gc,heap,exit ]   to   space 17472K,   0% used [0x00000000e9990000, 0x00000000e9990000, 0x00000000eaaa0000)
[2022-02-02T10:30:34.861+0000][1][gc,heap,exit ]  concurrent mark-sweep generation total 349568K, used 0K [0x00000000eaaa0000, 0x0000000100000000, 0x0000000100000000)
[2022-02-02T10:30:34.861+0000][1][gc,heap,exit ]  Metaspace       used 9224K, capacity 10656K, committed 11008K, reserved 1058816K
[2022-02-02T10:30:34.861+0000][1][gc,heap,exit ]   class space    used 1215K, capacity 1489K, committed 1536K, reserved 1048576K
[2022-02-02T10:30:34.861+0000][1][safepoint    ] Application time: 0.0271568 seconds
[2022-02-02T10:30:34.861+0000][1][safepoint    ] Entering safepoint region: Halt
