[2022-02-02T10:30:06.773+0000][1][gc] Using Concurrent Mark Sweep
[2022-02-02T10:30:06.773+0000][1][gc,heap,coops] Heap address: 0x00000000e0000000, size: 512 MB, Compressed Oops mode: 32-bit
[2022-02-02T10:30:06.796+0000][1][safepoint    ] Entering safepoint region: EnableBiasedLocking
[2022-02-02T10:30:06.796+0000][1][safepoint    ] Leaving safepoint region
[2022-02-02T10:30:06.796+0000][1][safepoint    ] Total time for which application threads were stopped: 0.0000756 seconds, Stopping threads took: 0.0000307 seconds
[2022-02-02T10:30:06.798+0000][1][safepoint    ] Application time: 0.0014565 seconds
[2022-02-02T10:30:06.798+0000][1][safepoint    ] Entering safepoint region: RevokeBias
[2022-02-02T10:30:06.798+0000][1][safepoint    ] Leaving safepoint region
[2022-02-02T10:30:06.798+0000][1][safepoint    ] Total time for which application threads were stopped: 0.0000477 seconds, Stopping threads took: 0.0000239 seconds
[2022-02-02T10:30:06.802+0000][1][safepoint    ] Application time: 0.0041587 seconds
[2022-02-02T10:30:06.802+0000][1][safepoint    ] Entering safepoint region: Deoptimize
[2022-02-02T10:30:06.802+0000][1][safepoint    ] Leaving safepoint region
[2022-02-02T10:30:06.802+0000][1][safepoint    ] Total time for which application threads were stopped: 0.0000341 seconds, Stopping threads took: 0.0000058 seconds
[2022-02-02T10:30:06.851+0000][1][safepoint    ] Application time: 0.0495422 seconds
[2022-02-02T10:30:06.851+0000][1][safepoint    ] Entering safepoint region: RevokeBias
[2022-02-02T10:30:06.851+0000][1][safepoint    ] Leaving safepoint region
[2022-02-02T10:30:06.851+0000][1][safepoint    ] Total time for which application threads were stopped: 0.0000772 seconds, Stopping threads took: 0.0000248 seconds
[2022-02-02T10:30:06.852+0000][1][safepoint    ] Application time: 0.0007601 seconds
[2022-02-02T10:30:06.852+0000][1][safepoint    ] Entering safepoint region: Deoptimize
[2022-02-02T10:30:06.852+0000][1][safepoint    ] Leaving safepoint region
[2022-02-02T10:30:06.852+0000][1][safepoint    ] Total time for which application threads were stopped: 0.0000381 seconds, Stopping threads took: 0.0000034 seconds
[2022-02-02T10:30:06.867+0000][1][safepoint    ] Application time: 0.0145336 seconds
[2022-02-02T10:30:06.867+0000][1][safepoint    ] Entering safepoint region: Deoptimize
[2022-02-02T10:30:06.867+0000][1][safepoint    ] Leaving safepoint region
[2022-02-02T10:30:06.867+0000][1][safepoint    ] Total time for which application threads were stopped: 0.0000623 seconds, Stopping threads took: 0.0000058 seconds
[2022-02-02T10:30:07.085+0000][1][safepoint    ] Application time: 0.2180211 seconds
[2022-02-02T10:30:07.085+0000][1][safepoint    ] Entering safepoint region: Deoptimize
[2022-02-02T10:30:07.085+0000][1][safepoint    ] Leaving safepoint region
[2022-02-02T10:30:07.085+0000][1][safepoint    ] Total time for which application threads were stopped: 0.0001906 seconds, Stopping threads took: 0.0000074 seconds
[2022-02-02T10:30:07.098+0000][1][safepoint    ] Application time: 0.0129411 seconds
[2022-02-02T10:30:07.098+0000][1][safepoint    ] Entering safepoint region: Deoptimize
[2022-02-02T10:30:07.098+0000][1][safepoint    ] Leaving safepoint region
[2022-02-02T10:30:07.098+0000][1][safepoint    ] Total time for which application threads were stopped: 0.0001570 seconds, Stopping threads took: 0.0000060 seconds
[2022-02-02T10:30:07.155+0000][1][safepoint    ] Application time: 0.0564511 seconds
[2022-02-02T10:30:07.155+0000][1][safepoint    ] Entering safepoint region: RevokeBias
[2022-02-02T10:30:07.155+0000][1][safepoint    ] Leaving safepoint region
[2022-02-02T10:30:07.155+0000][1][safepoint    ] Total time for which application threads were stopped: 0.0000699 seconds, Stopping threads took: 0.0000063 seconds
[2022-02-02T10:30:07.184+0000][1][gc,heap,exit ] Heap
[2022-02-02T10:30:07.185+0000][1][gc,heap,exit ]  par new generation   total 157248K, used 53845K [0x00000000e0000000, 0x00000000eaaa0000, 0x00000000eaaa0000)
[2022-02-02T10:30:07.185+0000][1][gc,heap,exit ]   eden space 139776K,  38% used [0x00000000e0000000, 0x00000000e3495598, 0x00000000e8880000)
[2022-02-02T10:30:07.185+0000][1][gc,heap,exit ]   from space 17472K,   0% used [0x00000000e8880000, 0x00000000e8880000, 0x00000000e9990000)
[2022-02-02T10:30:07.185+0000][1][gc,heap,exit ]   to   space 17472K,   0% used [0x00000000e9990000, 0x00000000e9990000, 0x00000000eaaa0000)
[2022-02-02T10:30:07.185+0000][1][gc,heap,exit ]  concurrent mark-sweep generation total 349568K, used 0K [0x00000000eaaa0000, 0x0000000100000000, 0x0000000100000000)
[2022-02-02T10:30:07.185+0000][1][gc,heap,exit ]  Metaspace       used 9222K, capacity 10656K, committed 11008K, reserved 1058816K
[2022-02-02T10:30:07.185+0000][1][gc,heap,exit ]   class space    used 1215K, capacity 1489K, committed 1536K, reserved 1048576K
[2022-02-02T10:30:07.185+0000][1][safepoint    ] Application time: 0.0297598 seconds
[2022-02-02T10:30:07.185+0000][1][safepoint    ] Entering safepoint region: Halt
