[2022-02-02T10:29:30.140+0000][1][gc] Using Concurrent Mark Sweep
[2022-02-02T10:29:30.140+0000][1][gc,heap,coops] Heap address: 0x00000000e0000000, size: 512 MB, Compressed Oops mode: 32-bit
[2022-02-02T10:29:30.172+0000][1][safepoint    ] Entering safepoint region: EnableBiasedLocking
[2022-02-02T10:29:30.172+0000][1][safepoint    ] Leaving safepoint region
[2022-02-02T10:29:30.172+0000][1][safepoint    ] Total time for which application threads were stopped: 0.0001515 seconds, Stopping threads took: 0.0000425 seconds
[2022-02-02T10:29:30.175+0000][1][safepoint    ] Application time: 0.0021328 seconds
[2022-02-02T10:29:30.175+0000][1][safepoint    ] Entering safepoint region: RevokeBias
[2022-02-02T10:29:30.175+0000][1][safepoint    ] Leaving safepoint region
[2022-02-02T10:29:30.175+0000][1][safepoint    ] Total time for which application threads were stopped: 0.0000834 seconds, Stopping threads took: 0.0000202 seconds
[2022-02-02T10:29:30.182+0000][1][safepoint    ] Application time: 0.0074343 seconds
[2022-02-02T10:29:30.182+0000][1][safepoint    ] Entering safepoint region: Deoptimize
[2022-02-02T10:29:30.182+0000][1][safepoint    ] Leaving safepoint region
[2022-02-02T10:29:30.182+0000][1][safepoint    ] Total time for which application threads were stopped: 0.0000794 seconds, Stopping threads took: 0.0000184 seconds
[2022-02-02T10:29:30.268+0000][1][safepoint    ] Application time: 0.0855101 seconds
[2022-02-02T10:29:30.268+0000][1][safepoint    ] Entering safepoint region: RevokeBias
[2022-02-02T10:29:30.268+0000][1][safepoint    ] Leaving safepoint region
[2022-02-02T10:29:30.268+0000][1][safepoint    ] Total time for which application threads were stopped: 0.0000904 seconds, Stopping threads took: 0.0000144 seconds
[2022-02-02T10:29:30.269+0000][1][safepoint    ] Application time: 0.0010726 seconds
[2022-02-02T10:29:30.269+0000][1][safepoint    ] Entering safepoint region: Deoptimize
[2022-02-02T10:29:30.269+0000][1][safepoint    ] Leaving safepoint region
[2022-02-02T10:29:30.269+0000][1][safepoint    ] Total time for which application threads were stopped: 0.0000564 seconds, Stopping threads took: 0.0000065 seconds
[2022-02-02T10:29:30.290+0000][1][safepoint    ] Application time: 0.0203740 seconds
[2022-02-02T10:29:30.290+0000][1][safepoint    ] Entering safepoint region: Deoptimize
[2022-02-02T10:29:30.290+0000][1][safepoint    ] Leaving safepoint region
[2022-02-02T10:29:30.290+0000][1][safepoint    ] Total time for which application threads were stopped: 0.0000670 seconds, Stopping threads took: 0.0000061 seconds
[2022-02-02T10:29:30.632+0000][1][safepoint    ] Application time: 0.3422812 seconds
[2022-02-02T10:29:30.632+0000][1][safepoint    ] Entering safepoint region: Deoptimize
[2022-02-02T10:29:30.632+0000][1][safepoint    ] Leaving safepoint region
[2022-02-02T10:29:30.632+0000][1][safepoint    ] Total time for which application threads were stopped: 0.0003642 seconds, Stopping threads took: 0.0000093 seconds
[2022-02-02T10:29:30.657+0000][1][safepoint    ] Application time: 0.0241018 seconds
[2022-02-02T10:29:30.657+0000][1][safepoint    ] Entering safepoint region: Deoptimize
[2022-02-02T10:29:30.657+0000][1][safepoint    ] Leaving safepoint region
[2022-02-02T10:29:30.657+0000][1][safepoint    ] Total time for which application threads were stopped: 0.0001601 seconds, Stopping threads took: 0.0000070 seconds
[2022-02-02T10:29:30.746+0000][1][safepoint    ] Application time: 0.0887970 seconds
[2022-02-02T10:29:30.746+0000][1][safepoint    ] Entering safepoint region: RevokeBias
[2022-02-02T10:29:30.746+0000][1][safepoint    ] Leaving safepoint region
[2022-02-02T10:29:30.746+0000][1][safepoint    ] Total time for which application threads were stopped: 0.0000728 seconds, Stopping threads took: 0.0000066 seconds
[2022-02-02T10:29:30.777+0000][1][gc,heap,exit ] Heap
[2022-02-02T10:29:30.777+0000][1][gc,heap,exit ]  par new generation   total 157248K, used 51034K [0x00000000e0000000, 0x00000000eaaa0000, 0x00000000eaaa0000)
[2022-02-02T10:29:30.777+0000][1][gc,heap,exit ]   eden space 139776K,  36% used [0x00000000e0000000, 0x00000000e31d6b50, 0x00000000e8880000)
[2022-02-02T10:29:30.777+0000][1][gc,heap,exit ]   from space 17472K,   0% used [0x00000000e8880000, 0x00000000e8880000, 0x00000000e9990000)
[2022-02-02T10:29:30.777+0000][1][gc,heap,exit ]   to   space 17472K,   0% used [0x00000000e9990000, 0x00000000e9990000, 0x00000000eaaa0000)
[2022-02-02T10:29:30.777+0000][1][gc,heap,exit ]  concurrent mark-sweep generation total 349568K, used 0K [0x00000000eaaa0000, 0x0000000100000000, 0x0000000100000000)
[2022-02-02T10:29:30.777+0000][1][gc,heap,exit ]  Metaspace       used 9214K, capacity 10656K, committed 10752K, reserved 1058816K
[2022-02-02T10:29:30.777+0000][1][gc,heap,exit ]   class space    used 1215K, capacity 1489K, committed 1536K, reserved 1048576K
[2022-02-02T10:29:30.777+0000][1][safepoint    ] Application time: 0.0314995 seconds
[2022-02-02T10:29:30.777+0000][1][safepoint    ] Entering safepoint region: Halt
