[2022-02-02T10:29:16.243+0000][1][gc] Using Concurrent Mark Sweep
[2022-02-02T10:29:16.243+0000][1][gc,heap,coops] Heap address: 0x00000000e0000000, size: 512 MB, Compressed Oops mode: 32-bit
[2022-02-02T10:29:16.267+0000][1][safepoint    ] Entering safepoint region: EnableBiasedLocking
[2022-02-02T10:29:16.267+0000][1][safepoint    ] Leaving safepoint region
[2022-02-02T10:29:16.267+0000][1][safepoint    ] Total time for which application threads were stopped: 0.0001049 seconds, Stopping threads took: 0.0000630 seconds
[2022-02-02T10:29:16.269+0000][1][safepoint    ] Application time: 0.0014444 seconds
[2022-02-02T10:29:16.269+0000][1][safepoint    ] Entering safepoint region: RevokeBias
[2022-02-02T10:29:16.269+0000][1][safepoint    ] Leaving safepoint region
[2022-02-02T10:29:16.269+0000][1][safepoint    ] Total time for which application threads were stopped: 0.0000446 seconds, Stopping threads took: 0.0000201 seconds
[2022-02-02T10:29:16.273+0000][1][safepoint    ] Application time: 0.0043268 seconds
[2022-02-02T10:29:16.273+0000][1][safepoint    ] Entering safepoint region: Deoptimize
[2022-02-02T10:29:16.273+0000][1][safepoint    ] Leaving safepoint region
[2022-02-02T10:29:16.273+0000][1][safepoint    ] Total time for which application threads were stopped: 0.0000342 seconds, Stopping threads took: 0.0000058 seconds
[2022-02-02T10:29:16.339+0000][1][safepoint    ] Application time: 0.0654934 seconds
[2022-02-02T10:29:16.339+0000][1][safepoint    ] Entering safepoint region: RevokeBias
[2022-02-02T10:29:16.339+0000][1][safepoint    ] Leaving safepoint region
[2022-02-02T10:29:16.339+0000][1][safepoint    ] Total time for which application threads were stopped: 0.0001054 seconds, Stopping threads took: 0.0000518 seconds
[2022-02-02T10:29:16.340+0000][1][safepoint    ] Application time: 0.0008900 seconds
[2022-02-02T10:29:16.340+0000][1][safepoint    ] Entering safepoint region: Deoptimize
[2022-02-02T10:29:16.340+0000][1][safepoint    ] Leaving safepoint region
[2022-02-02T10:29:16.340+0000][1][safepoint    ] Total time for which application threads were stopped: 0.0000408 seconds, Stopping threads took: 0.0000052 seconds
[2022-02-02T10:29:16.356+0000][1][safepoint    ] Application time: 0.0162274 seconds
[2022-02-02T10:29:16.356+0000][1][safepoint    ] Entering safepoint region: Deoptimize
[2022-02-02T10:29:16.356+0000][1][safepoint    ] Leaving safepoint region
[2022-02-02T10:29:16.356+0000][1][safepoint    ] Total time for which application threads were stopped: 0.0000699 seconds, Stopping threads took: 0.0000068 seconds
[2022-02-02T10:29:16.578+0000][1][safepoint    ] Application time: 0.2217000 seconds
[2022-02-02T10:29:16.578+0000][1][safepoint    ] Entering safepoint region: Deoptimize
[2022-02-02T10:29:16.578+0000][1][safepoint    ] Leaving safepoint region
[2022-02-02T10:29:16.578+0000][1][safepoint    ] Total time for which application threads were stopped: 0.0001712 seconds, Stopping threads took: 0.0000071 seconds
[2022-02-02T10:29:16.591+0000][1][safepoint    ] Application time: 0.0127959 seconds
[2022-02-02T10:29:16.591+0000][1][safepoint    ] Entering safepoint region: Deoptimize
[2022-02-02T10:29:16.591+0000][1][safepoint    ] Leaving safepoint region
[2022-02-02T10:29:16.591+0000][1][safepoint    ] Total time for which application threads were stopped: 0.0001179 seconds, Stopping threads took: 0.0000064 seconds
[2022-02-02T10:29:16.651+0000][1][safepoint    ] Application time: 0.0598341 seconds
[2022-02-02T10:29:16.651+0000][1][safepoint    ] Entering safepoint region: RevokeBias
[2022-02-02T10:29:16.651+0000][1][safepoint    ] Leaving safepoint region
[2022-02-02T10:29:16.651+0000][1][safepoint    ] Total time for which application threads were stopped: 0.0000694 seconds, Stopping threads took: 0.0000072 seconds
[2022-02-02T10:29:16.679+0000][1][gc,heap,exit ] Heap
[2022-02-02T10:29:16.679+0000][1][gc,heap,exit ]  par new generation   total 157248K, used 53839K [0x00000000e0000000, 0x00000000eaaa0000, 0x00000000eaaa0000)
[2022-02-02T10:29:16.679+0000][1][gc,heap,exit ]   eden space 139776K,  38% used [0x00000000e0000000, 0x00000000e3493ee0, 0x00000000e8880000)
[2022-02-02T10:29:16.679+0000][1][gc,heap,exit ]   from space 17472K,   0% used [0x00000000e8880000, 0x00000000e8880000, 0x00000000e9990000)
[2022-02-02T10:29:16.679+0000][1][gc,heap,exit ]   to   space 17472K,   0% used [0x00000000e9990000, 0x00000000e9990000, 0x00000000eaaa0000)
[2022-02-02T10:29:16.679+0000][1][gc,heap,exit ]  concurrent mark-sweep generation total 349568K, used 0K [0x00000000eaaa0000, 0x0000000100000000, 0x0000000100000000)
[2022-02-02T10:29:16.679+0000][1][gc,heap,exit ]  Metaspace       used 9232K, capacity 10656K, committed 11008K, reserved 1058816K
[2022-02-02T10:29:16.680+0000][1][gc,heap,exit ]   class space    used 1215K, capacity 1489K, committed 1536K, reserved 1048576K
[2022-02-02T10:29:16.680+0000][1][safepoint    ] Application time: 0.0285384 seconds
[2022-02-02T10:29:16.680+0000][1][safepoint    ] Entering safepoint region: Halt
